1772410041.736773 client started (63592): version 3.6a, socket /private/tmp/tmux-501/default, protocol 8
1772410041.736844 on Darwin 25.3.0 Darwin Kernel Version 25.3.0: Wed Jan 28 20:49:24 PST 2026; root:xnu-12377.81.4~5/RELEASE_ARM64_T8132
1772410041.736855 using libevent 2.1.12-stable select
1772410041.737761 using utf8proc 2.11.3
1772410041.737791 using ncurses 6.5 20240427
1772410041.737814 flags are 0x18010000
1772410041.737822 socket is /private/tmp/tmux-501/default
1772410041.737840 trying connect
1772410041.737890 add peer 0x105075130: 6 (0x0)
1772410041.740873 sending message 111 to peer 0x105075130 (8 bytes)
1772410041.740898 sending message 111 to peer 0x105075130 (8 bytes)
1772410041.740908 sending message 101 to peer 0x105075130 (15 bytes)
1772410041.740914 sending message 109 to peer 0x105075130 (4 bytes)
1772410041.740921 sending message 102 to peer 0x105075130 (13 bytes)
1772410041.740927 sending message 108 to peer 0x105075130 (22 bytes)
1772410041.740941 sending message 112 to peer 0x105075130 (58 bytes)
1772410041.740947 sending message 112 to peer 0x105075130 (5 bytes)
1772410041.740953 sending message 112 to peer 0x105075130 (5 bytes)
1772410041.740966 sending message 112 to peer 0x105075130 (6 bytes)
1772410041.740972 sending message 112 to peer 0x105075130 (6 bytes)
1772410041.740978 sending message 112 to peer 0x105075130 (11 bytes)
1772410041.740983 sending message 112 to peer 0x105075130 (10 bytes)
1772410041.740989 sending message 112 to peer 0x105075130 (13 bytes)
1772410041.740994 sending message 112 to peer 0x105075130 (14 bytes)
1772410041.741000 sending message 112 to peer 0x105075130 (19 bytes)
1772410041.741005 sending message 112 to peer 0x105075130 (11 bytes)
1772410041.741011 sending message 112 to peer 0x105075130 (10 bytes)
1772410041.741016 sending message 112 to peer 0x105075130 (15 bytes)
1772410041.741021 sending message 112 to peer 0x105075130 (21 bytes)
1772410041.741027 sending message 112 to peer 0x105075130 (13 bytes)
1772410041.741032 sending message 112 to peer 0x105075130 (7 bytes)
1772410041.741038 sending message 112 to peer 0x105075130 (13 bytes)
1772410041.741043 sending message 112 to peer 0x105075130 (7 bytes)
1772410041.741049 sending message 112 to peer 0x105075130 (13 bytes)
1772410041.741055 sending message 112 to peer 0x105075130 (9 bytes)
1772410041.741060 sending message 112 to peer 0x105075130 (21 bytes)
1772410041.741065 sending message 112 to peer 0x105075130 (13 bytes)
1772410041.741071 sending message 112 to peer 0x105075130 (9 bytes)
1772410041.741076 sending message 112 to peer 0x105075130 (16 bytes)
1772410041.741081 sending message 112 to peer 0x105075130 (13 bytes)
1772410041.741087 sending message 112 to peer 0x105075130 (9 bytes)
1772410041.741093 sending message 112 to peer 0x105075130 (9 bytes)
1772410041.741098 sending message 112 to peer 0x105075130 (12 bytes)
1772410041.741103 sending message 112 to peer 0x105075130 (8 bytes)
1772410041.741109 sending message 112 to peer 0x105075130 (8 bytes)
1772410041.741114 sending message 112 to peer 0x105075130 (13 bytes)
1772410041.741119 sending message 112 to peer 0x105075130 (7 bytes)
1772410041.741125 sending message 112 to peer 0x105075130 (7 bytes)
1772410041.741130 sending message 112 to peer 0x105075130 (9 bytes)
1772410041.741135 sending message 112 to peer 0x105075130 (9 bytes)
1772410041.741141 sending message 112 to peer 0x105075130 (15 bytes)
1772410041.741146 sending message 112 to peer 0x105075130 (13 bytes)
1772410041.741152 sending message 112 to peer 0x105075130 (12 bytes)
1772410041.741157 sending message 112 to peer 0x105075130 (8 bytes)
1772410041.741162 sending message 112 to peer 0x105075130 (14 bytes)
1772410041.741167 sending message 112 to peer 0x105075130 (11 bytes)
1772410041.741173 sending message 112 to peer 0x105075130 (9 bytes)
1772410041.741178 sending message 112 to peer 0x105075130 (10 bytes)
1772410041.741184 sending message 112 to peer 0x105075130 (10 bytes)
1772410041.741189 sending message 112 to peer 0x105075130 (10 bytes)
1772410041.741194 sending message 112 to peer 0x105075130 (10 bytes)
1772410041.741211 sending message 112 to peer 0x105075130 (11 bytes)
1772410041.741215 sending message 112 to peer 0x105075130 (12 bytes)
1772410041.741220 sending message 112 to peer 0x105075130 (12 bytes)
1772410041.741224 sending message 112 to peer 0x105075130 (12 bytes)
1772410041.741228 sending message 112 to peer 0x105075130 (12 bytes)
1772410041.741233 sending message 112 to peer 0x105075130 (12 bytes)
1772410041.741237 sending message 112 to peer 0x105075130 (11 bytes)
1772410041.741241 sending message 112 to peer 0x105075130 (11 bytes)
1772410041.741245 sending message 112 to peer 0x105075130 (12 bytes)
1772410041.741249 sending message 112 to peer 0x105075130 (12 bytes)
1772410041.741253 sending message 112 to peer 0x105075130 (12 bytes)
1772410041.741257 sending message 112 to peer 0x105075130 (12 bytes)
1772410041.741261 sending message 112 to peer 0x105075130 (12 bytes)
1772410041.741266 sending message 112 to peer 0x105075130 (9 bytes)
1772410041.741270 sending message 112 to peer 0x105075130 (12 bytes)
1772410041.741275 sending message 112 to peer 0x105075130 (13 bytes)
1772410041.741279 sending message 112 to peer 0x105075130 (13 bytes)
1772410041.741283 sending message 112 to peer 0x105075130 (13 bytes)
1772410041.741287 sending message 112 to peer 0x105075130 (13 bytes)
1772410041.741291 sending message 112 to peer 0x105075130 (13 bytes)
1772410041.741295 sending message 112 to peer 0x105075130 (8 bytes)
1772410041.741299 sending message 112 to peer 0x105075130 (11 bytes)
1772410041.741304 sending message 112 to peer 0x105075130 (11 bytes)
1772410041.741308 sending message 112 to peer 0x105075130 (11 bytes)
1772410041.741312 sending message 112 to peer 0x105075130 (12 bytes)
1772410041.741316 sending message 112 to peer 0x105075130 (12 bytes)
1772410041.741320 sending message 112 to peer 0x105075130 (12 bytes)
1772410041.741324 sending message 112 to peer 0x105075130 (12 bytes)
1772410041.741329 sending message 112 to peer 0x105075130 (13 bytes)
1772410041.741333 sending message 112 to peer 0x105075130 (13 bytes)
1772410041.741337 sending message 112 to peer 0x105075130 (13 bytes)
1772410041.741341 sending message 112 to peer 0x105075130 (8 bytes)
1772410041.741345 sending message 112 to peer 0x105075130 (13 bytes)
1772410041.741349 sending message 112 to peer 0x105075130 (13 bytes)
1772410041.741353 sending message 112 to peer 0x105075130 (13 bytes)
1772410041.741358 sending message 112 to peer 0x105075130 (13 bytes)
1772410041.741362 sending message 112 to peer 0x105075130 (13 bytes)
1772410041.741366 sending message 112 to peer 0x105075130 (12 bytes)
1772410041.741370 sending message 112 to peer 0x105075130 (12 bytes)
1772410041.741374 sending message 112 to peer 0x105075130 (12 bytes)
1772410041.741378 sending message 112 to peer 0x105075130 (12 bytes)
1772410041.741383 sending message 112 to peer 0x105075130 (13 bytes)
1772410041.741387 sending message 112 to peer 0x105075130 (8 bytes)
1772410041.741392 sending message 112 to peer 0x105075130 (13 bytes)
1772410041.741396 sending message 112 to peer 0x105075130 (13 bytes)
1772410041.741400 sending message 112 to peer 0x105075130 (13 bytes)
1772410041.741404 sending message 112 to peer 0x105075130 (13 bytes)
1772410041.741408 sending message 112 to peer 0x105075130 (13 bytes)
1772410041.741412 sending message 112 to peer 0x105075130 (13 bytes)
1772410041.741416 sending message 112 to peer 0x105075130 (13 bytes)
1772410041.741420 sending message 112 to peer 0x105075130 (12 bytes)
1772410041.741424 sending message 112 to peer 0x105075130 (12 bytes)
1772410041.741428 sending message 112 to peer 0x105075130 (12 bytes)
1772410041.741432 sending message 112 to peer 0x105075130 (8 bytes)
1772410041.741437 sending message 112 to peer 0x105075130 (12 bytes)
1772410041.741441 sending message 112 to peer 0x105075130 (13 bytes)
1772410041.741445 sending message 112 to peer 0x105075130 (13 bytes)
1772410041.741449 sending message 112 to peer 0x105075130 (13 bytes)
1772410041.741453 sending message 112 to peer 0x105075130 (13 bytes)
1772410041.741457 sending message 112 to peer 0x105075130 (13 bytes)
1772410041.741466 sending message 112 to peer 0x105075130 (13 bytes)
1772410041.741471 sending message 112 to peer 0x105075130 (13 bytes)
1772410041.741475 sending message 112 to peer 0x105075130 (13 bytes)
1772410041.741479 sending message 112 to peer 0x105075130 (12 bytes)
1772410041.741483 sending message 112 to peer 0x105075130 (10 bytes)
1772410041.741487 sending message 112 to peer 0x105075130 (12 bytes)
1772410041.741491 sending message 112 to peer 0x105075130 (12 bytes)
1772410041.741495 sending message 112 to peer 0x105075130 (12 bytes)
1772410041.741499 sending message 112 to peer 0x105075130 (13 bytes)
1772410041.741503 sending message 112 to peer 0x105075130 (13 bytes)
1772410041.741507 sending message 112 to peer 0x105075130 (13 bytes)
1772410041.741511 sending message 112 to peer 0x105075130 (13 bytes)
1772410041.741515 sending message 112 to peer 0x105075130 (13 bytes)
1772410041.741519 sending message 112 to peer 0x105075130 (13 bytes)
1772410041.741524 sending message 112 to peer 0x105075130 (13 bytes)
1772410041.741528 sending message 112 to peer 0x105075130 (10 bytes)
1772410041.741532 sending message 112 to peer 0x105075130 (13 bytes)
1772410041.741536 sending message 112 to peer 0x105075130 (12 bytes)
1772410041.741540 sending message 112 to peer 0x105075130 (12 bytes)
1772410041.741544 sending message 112 to peer 0x105075130 (12 bytes)
1772410041.741548 sending message 112 to peer 0x105075130 (10 bytes)
1772410041.741552 sending message 112 to peer 0x105075130 (10 bytes)
1772410041.741556 sending message 112 to peer 0x105075130 (10 bytes)
1772410041.741560 sending message 112 to peer 0x105075130 (12 bytes)
1772410041.741565 sending message 112 to peer 0x105075130 (13 bytes)
1772410041.741569 sending message 112 to peer 0x105075130 (13 bytes)
1772410041.741573 sending message 112 to peer 0x105075130 (13 bytes)
1772410041.741577 sending message 112 to peer 0x105075130 (13 bytes)
1772410041.741581 sending message 112 to peer 0x105075130 (13 bytes)
1772410041.741585 sending message 112 to peer 0x105075130 (10 bytes)
1772410041.741590 sending message 112 to peer 0x105075130 (11 bytes)
1772410041.741594 sending message 112 to peer 0x105075130 (12 bytes)
1772410041.741598 sending message 112 to peer 0x105075130 (12 bytes)
1772410041.741602 sending message 112 to peer 0x105075130 (12 bytes)
1772410041.741606 sending message 112 to peer 0x105075130 (12 bytes)
1772410041.741610 sending message 112 to peer 0x105075130 (12 bytes)
1772410041.741614 sending message 112 to peer 0x105075130 (11 bytes)
1772410041.741618 sending message 112 to peer 0x105075130 (12 bytes)
1772410041.741623 sending message 112 to peer 0x105075130 (12 bytes)
1772410041.741627 sending message 112 to peer 0x105075130 (13 bytes)
1772410041.741631 sending message 112 to peer 0x105075130 (13 bytes)
1772410041.741635 sending message 112 to peer 0x105075130 (13 bytes)
1772410041.741640 sending message 112 to peer 0x105075130 (13 bytes)
1772410041.741644 sending message 112 to peer 0x105075130 (13 bytes)
1772410041.741648 sending message 112 to peer 0x105075130 (10 bytes)
1772410041.741652 sending message 112 to peer 0x105075130 (9 bytes)
1772410041.741656 sending message 112 to peer 0x105075130 (12 bytes)
1772410041.741660 sending message 112 to peer 0x105075130 (13 bytes)
1772410041.741665 sending message 112 to peer 0x105075130 (13 bytes)
1772410041.741669 sending message 112 to peer 0x105075130 (13 bytes)
1772410041.741673 sending message 112 to peer 0x105075130 (13 bytes)
1772410041.741677 sending message 112 to peer 0x105075130 (13 bytes)
1772410041.741681 sending message 112 to peer 0x105075130 (9 bytes)
1772410041.741685 sending message 112 to peer 0x105075130 (12 bytes)
1772410041.741690 sending message 112 to peer 0x105075130 (13 bytes)
1772410041.741694 sending message 112 to peer 0x105075130 (13 bytes)
1772410041.741698 sending message 112 to peer 0x105075130 (13 bytes)
1772410041.741703 sending message 112 to peer 0x105075130 (13 bytes)
1772410041.741707 sending message 112 to peer 0x105075130 (13 bytes)
1772410041.741715 sending message 112 to peer 0x105075130 (11 bytes)
1772410041.741719 sending message 112 to peer 0x105075130 (12 bytes)
1772410041.741723 sending message 112 to peer 0x105075130 (13 bytes)
1772410041.741728 sending message 112 to peer 0x105075130 (13 bytes)
1772410041.741732 sending message 112 to peer 0x105075130 (13 bytes)
1772410041.741736 sending message 112 to peer 0x105075130 (13 bytes)
1772410041.741740 sending message 112 to peer 0x105075130 (13 bytes)
1772410041.741744 sending message 112 to peer 0x105075130 (11 bytes)
1772410041.741748 sending message 112 to peer 0x105075130 (12 bytes)
1772410041.741752 sending message 112 to peer 0x105075130 (12 bytes)
1772410041.741756 sending message 112 to peer 0x105075130 (12 bytes)
1772410041.741760 sending message 112 to peer 0x105075130 (12 bytes)
1772410041.741765 sending message 112 to peer 0x105075130 (12 bytes)
1772410041.741769 sending message 112 to peer 0x105075130 (21 bytes)
1772410041.741773 sending message 112 to peer 0x105075130 (12 bytes)
1772410041.741777 sending message 112 to peer 0x105075130 (9 bytes)
1772410041.741781 sending message 112 to peer 0x105075130 (6 bytes)
1772410041.741785 sending message 112 to peer 0x105075130 (13 bytes)
1772410041.741789 sending message 112 to peer 0x105075130 (10 bytes)
1772410041.741793 sending message 112 to peer 0x105075130 (24 bytes)
1772410041.741797 sending message 112 to peer 0x105075130 (13 bytes)
1772410041.741801 sending message 112 to peer 0x105075130 (9 bytes)
1772410041.741805 sending message 112 to peer 0x105075130 (70 bytes)
1772410041.741810 sending message 112 to peer 0x105075130 (69 bytes)
1772410041.741814 sending message 112 to peer 0x105075130 (12 bytes)
1772410041.741818 sending message 112 to peer 0x105075130 (10 bytes)
1772410041.741822 sending message 112 to peer 0x105075130 (10 bytes)
1772410041.741826 sending message 112 to peer 0x105075130 (24 bytes)
1772410041.741831 sending message 112 to peer 0x105075130 (13 bytes)
1772410041.741835 sending message 112 to peer 0x105075130 (10 bytes)
1772410041.741839 sending message 112 to peer 0x105075130 (10 bytes)
1772410041.741843 sending message 112 to peer 0x105075130 (10 bytes)
1772410041.741847 sending message 112 to peer 0x105075130 (13 bytes)
1772410041.741852 sending message 112 to peer 0x105075130 (15 bytes)
1772410041.741856 sending message 112 to peer 0x105075130 (5 bytes)
1772410041.741862 sending message 104 to peer 0x105075130 (0 bytes)
1772410041.741867 sending message 110 to peer 0x105075130 (0 bytes)
1772410041.741871 sending message 107 to peer 0x105075130 (4 bytes)
1772410041.741875 sending message 105 to peer 0x105075130 (57 bytes)
1772410041.741879 sending message 105 to peer 0x105075130 (40 bytes)
1772410041.741883 sending message 105 to peer 0x105075130 (14 bytes)
1772410041.741887 sending message 105 to peer 0x105075130 (20 bytes)
1772410041.741892 sending message 105 to peer 0x105075130 (66 bytes)
1772410041.741896 sending message 105 to peer 0x105075130 (19 bytes)
1772410041.741900 sending message 105 to peer 0x105075130 (28 bytes)
1772410041.741904 sending message 105 to peer 0x105075130 (20 bytes)
1772410041.741909 sending message 105 to peer 0x105075130 (18 bytes)
1772410041.741913 sending message 105 to peer 0x105075130 (25 bytes)
1772410041.741917 sending message 105 to peer 0x105075130 (53 bytes)
1772410041.741922 sending message 105 to peer 0x105075130 (15 bytes)
1772410041.741926 sending message 105 to peer 0x105075130 (18 bytes)
1772410041.741930 sending message 105 to peer 0x105075130 (14 bytes)
1772410041.741934 sending message 105 to peer 0x105075130 (11 bytes)
1772410041.741939 sending message 105 to peer 0x105075130 (104 bytes)
1772410041.741943 sending message 105 to peer 0x105075130 (8 bytes)
1772410041.741947 sending message 105 to peer 0x105075130 (26 bytes)
1772410041.741951 sending message 105 to peer 0x105075130 (20 bytes)
1772410041.741955 sending message 105 to peer 0x105075130 (30 bytes)
1772410041.741960 sending message 105 to peer 0x105075130 (37 bytes)
1772410041.741971 sending message 105 to peer 0x105075130 (34 bytes)
1772410041.741976 sending message 105 to peer 0x105075130 (60 bytes)
1772410041.741980 sending message 105 to peer 0x105075130 (13 bytes)
1772410041.741984 sending message 105 to peer 0x105075130 (15 bytes)
1772410041.741989 sending message 105 to peer 0x105075130 (25 bytes)
1772410041.741993 sending message 106 to peer 0x105075130 (0 bytes)
1772410041.742061 sending message 200 to peer 0x105075130 (4 bytes)
1772410041.742067 client loop enter
1772410041.746723 peer 0x105075130 message 207
1772410041.746754 sending message 208 to peer 0x105075130 (0 bytes)
1772410844.565679 client_signal: Window size changes: 28
1772410844.566557 sending message 208 to peer 0x105075130 (0 bytes)
1772410844.601159 client_signal: Window size changes: 28
1772410844.601230 sending message 208 to peer 0x105075130 (0 bytes)
1772410844.613906 client_signal: Window size changes: 28
1772410844.613957 sending message 208 to peer 0x105075130 (0 bytes)
1772410844.640303 client_signal: Window size changes: 28
1772410844.640329 sending message 208 to peer 0x105075130 (0 bytes)
1772410844.653716 client_signal: Window size changes: 28
1772410844.653740 sending message 208 to peer 0x105075130 (0 bytes)
1772410844.666968 client_signal: Window size changes: 28
1772410844.666983 sending message 208 to peer 0x105075130 (0 bytes)
1772410844.693576 client_signal: Window size changes: 28
1772410844.693588 sending message 208 to peer 0x105075130 (0 bytes)
1772410844.706965 client_signal: Window size changes: 28
1772410844.706989 sending message 208 to peer 0x105075130 (0 bytes)
1772410844.733649 client_signal: Window size changes: 28
1772410844.733667 sending message 208 to peer 0x105075130 (0 bytes)
1772410844.760871 client_signal: Window size changes: 28
1772410844.760936 sending message 208 to peer 0x105075130 (0 bytes)
1772410849.394671 peer 0x105075130 message 201
1772410849.394766 sending message 205 to peer 0x105075130 (0 bytes)
1772410849.395713 peer 0x105075130 message 204
1772410849.395759 client loop exit
